---
source: src/parser.rs
expression: tree
---
main_function:
  statement:
    Return:
      Num: 0

