---
source: src/eval.rs
expression: res
---
Num: 19

