---
source: src/typer.rs
expression: judgement
---
true

